[32m[INFO] 2026-07-04 18:25:53,730 [RapidOCR] base.py:23: Using engine_name: onnxruntime[0m
[32m[INFO] 2026-07-04 18:25:54,309 [RapidOCR] base.py:23: Using engine_name: onnxruntime[0m
[32m[INFO] 2026-07-04 18:25:54,424 [RapidOCR] base.py:23: Using engine_name: onnxruntime[0m
[32m[INFO] 2026-07-04 18:25:54,466 [RapidOCR] download_file.py:60: File exists and is valid: C:\Users\Contr\AppData\Local\Packages\PythonSoftwareFoundation.Python.3.13_qbz5n2kfra8p0\LocalCache\local-packages\Python313\site-packages\rapidocr\models\PP-OCRv6_det_small.onnx[0m
[32m[INFO] 2026-07-04 18:25:54,468 [RapidOCR] main.py:63: Using C:\Users\Contr\AppData\Local\Packages\PythonSoftwareFoundation.Python.3.13_qbz5n2kfra8p0\LocalCache\local-packages\Python313\site-packages\rapidocr\models\PP-OCRv6_det_small.onnx[0m
[32m[INFO] 2026-07-04 18:25:54,709 [RapidOCR] base.py:23: Using engine_name: onnxruntime[0m
[32m[INFO] 2026-07-04 18:25:54,730 [RapidOCR] base.py:23: Using engine_name: onnxruntime[0m
[32m[INFO] 2026-07-04 18:25:54,835 [RapidOCR] download_file.py:60: File exists and is valid: C:\Users\Contr\AppData\Local\Packages\PythonSoftwareFoundation.Python.3.13_qbz5n2kfra8p0\LocalCache\local-packages\Python313\site-packages\rapidocr\models\PP-OCRv6_det_small.onnx[0m
[32m[INFO] 2026-07-04 18:25:54,837 [RapidOCR] main.py:63: Using C:\Users\Contr\AppData\Local\Packages\PythonSoftwareFoundation.Python.3.13_qbz5n2kfra8p0\LocalCache\local-packages\Python313\site-packages\rapidocr\models\PP-OCRv6_det_small.onnx[0m
[32m[INFO] 2026-07-04 18:25:54,835 [RapidOCR] base.py:23: Using engine_name: onnxruntime[0m
[32m[INFO] 2026-07-04 18:25:54,846 [RapidOCR] download_file.py:60: File exists and is valid: C:\Users\Contr\AppData\Local\Packages\PythonSoftwareFoundation.Python.3.13_qbz5n2kfra8p0\LocalCache\local-packages\Python313\site-packages\rapidocr\models\ch_ppocr_mobile_v2.0_cls_mobile.onnx[0m
[32m[INFO] 2026-07-04 18:25:54,848 [RapidOCR] main.py:63: Using C:\Users\Contr\AppData\Local\Packages\PythonSoftwareFoundation.Python.3.13_qbz5n2kfra8p0\LocalCache\local-packages\Python313\site-packages\rapidocr\models\ch_ppocr_mobile_v2.0_cls_mobile.onnx[0m
[32m[INFO] 2026-07-04 18:25:55,199 [RapidOCR] download_file.py:60: File exists and is valid: C:\Users\Contr\AppData\Local\Packages\PythonSoftwareFoundation.Python.3.13_qbz5n2kfra8p0\LocalCache\local-packages\Python313\site-packages\rapidocr\models\PP-OCRv6_det_small.onnx[0m
[32m[INFO] 2026-07-04 18:25:55,230 [RapidOCR] main.py:63: Using C:\Users\Contr\AppData\Local\Packages\PythonSoftwareFoundation.Python.3.13_qbz5n2kfra8p0\LocalCache\local-packages\Python313\site-packages\rapidocr\models\PP-OCRv6_det_small.onnx[0m
[32m[INFO] 2026-07-04 18:25:55,337 [RapidOCR] base.py:23: Using engine_name: onnxruntime[0m
[32m[INFO] 2026-07-04 18:25:55,359 [RapidOCR] download_file.py:60: File exists and is valid: C:\Users\Contr\AppData\Local\Packages\PythonSoftwareFoundation.Python.3.13_qbz5n2kfra8p0\LocalCache\local-packages\Python313\site-packages\rapidocr\models\ch_ppocr_mobile_v2.0_cls_mobile.onnx[0m
[32m[INFO] 2026-07-04 18:25:55,361 [RapidOCR] main.py:63: Using C:\Users\Contr\AppData\Local\Packages\PythonSoftwareFoundation.Python.3.13_qbz5n2kfra8p0\LocalCache\local-packages\Python313\site-packages\rapidocr\models\ch_ppocr_mobile_v2.0_cls_mobile.onnx[0m
[32m[INFO] 2026-07-04 18:25:55,342 [RapidOCR] base.py:23: Using engine_name: onnxruntime[0m
[32m[INFO] 2026-07-04 18:25:55,551 [RapidOCR] download_file.py:60: File exists and is valid: C:\Users\Contr\AppData\Local\Packages\PythonSoftwareFoundation.Python.3.13_qbz5n2kfra8p0\LocalCache\local-packages\Python313\site-packages\rapidocr\models\PP-OCRv6_rec_small.onnx[0m
[32m[INFO] 2026-07-04 18:25:55,587 [RapidOCR] main.py:63: Using C:\Users\Contr\AppData\Local\Packages\PythonSoftwareFoundation.Python.3.13_qbz5n2kfra8p0\LocalCache\local-packages\Python313\site-packages\rapidocr\models\PP-OCRv6_rec_small.onnx[0m
[32m[INFO] 2026-07-04 18:25:55,751 [RapidOCR] base.py:23: Using engine_name: onnxruntime[0m
[32m[INFO] 2026-07-04 18:25:55,778 [RapidOCR] download_file.py:60: File exists and is valid: C:\Users\Contr\AppData\Local\Packages\PythonSoftwareFoundation.Python.3.13_qbz5n2kfra8p0\LocalCache\local-packages\Python313\site-packages\rapidocr\models\ch_ppocr_mobile_v2.0_cls_mobile.onnx[0m
[32m[INFO] 2026-07-04 18:25:55,779 [RapidOCR] main.py:63: Using C:\Users\Contr\AppData\Local\Packages\PythonSoftwareFoundation.Python.3.13_qbz5n2kfra8p0\LocalCache\local-packages\Python313\site-packages\rapidocr\models\ch_ppocr_mobile_v2.0_cls_mobile.onnx[0m
[32m[INFO] 2026-07-04 18:25:55,841 [RapidOCR] download_file.py:60: File exists and is valid: C:\Users\Contr\AppData\Local\Packages\PythonSoftwareFoundation.Python.3.13_qbz5n2kfra8p0\LocalCache\local-packages\Python313\site-packages\rapidocr\models\PP-OCRv6_det_small.onnx[0m
[32m[INFO] 2026-07-04 18:25:55,854 [RapidOCR] main.py:63: Using C:\Users\Contr\AppData\Local\Packages\PythonSoftwareFoundation.Python.3.13_qbz5n2kfra8p0\LocalCache\local-packages\Python313\site-packages\rapidocr\models\PP-OCRv6_det_small.onnx[0m
[32m[INFO] 2026-07-04 18:25:55,937 [RapidOCR] base.py:23: Using engine_name: onnxruntime[0m
[32m[INFO] 2026-07-04 18:25:56,145 [RapidOCR] download_file.py:60: File exists and is valid: C:\Users\Contr\AppData\Local\Packages\PythonSoftwareFoundation.Python.3.13_qbz5n2kfra8p0\LocalCache\local-packages\Python313\site-packages\rapidocr\models\PP-OCRv6_rec_small.onnx[0m
[32m[INFO] 2026-07-04 18:25:56,172 [RapidOCR] main.py:63: Using C:\Users\Contr\AppData\Local\Packages\PythonSoftwareFoundation.Python.3.13_qbz5n2kfra8p0\LocalCache\local-packages\Python313\site-packages\rapidocr\models\PP-OCRv6_rec_small.onnx[0m
[32m[INFO] 2026-07-04 18:25:56,439 [RapidOCR] base.py:23: Using engine_name: onnxruntime[0m
[32m[INFO] 2026-07-04 18:25:56,468 [RapidOCR] download_file.py:60: File exists and is valid: C:\Users\Contr\AppData\Local\Packages\PythonSoftwareFoundation.Python.3.13_qbz5n2kfra8p0\LocalCache\local-packages\Python313\site-packages\rapidocr\models\PP-OCRv6_det_small.onnx[0m
[32m[INFO] 2026-07-04 18:25:56,524 [RapidOCR] main.py:63: Using C:\Users\Contr\AppData\Local\Packages\PythonSoftwareFoundation.Python.3.13_qbz5n2kfra8p0\LocalCache\local-packages\Python313\site-packages\rapidocr\models\PP-OCRv6_det_small.onnx[0m
[32m[INFO] 2026-07-04 18:25:56,472 [RapidOCR] base.py:23: Using engine_name: onnxruntime[0m
[32m[INFO] 2026-07-04 18:25:56,590 [RapidOCR] download_file.py:60: File exists and is valid: C:\Users\Contr\AppData\Local\Packages\PythonSoftwareFoundation.Python.3.13_qbz5n2kfra8p0\LocalCache\local-packages\Python313\site-packages\rapidocr\models\ch_ppocr_mobile_v2.0_cls_mobile.onnx[0m
[32m[INFO] 2026-07-04 18:25:56,591 [RapidOCR] main.py:63: Using C:\Users\Contr\AppData\Local\Packages\PythonSoftwareFoundation.Python.3.13_qbz5n2kfra8p0\LocalCache\local-packages\Python313\site-packages\rapidocr\models\ch_ppocr_mobile_v2.0_cls_mobile.onnx[0m
[32m[INFO] 2026-07-04 18:25:56,609 [RapidOCR] download_file.py:60: File exists and is valid: C:\Users\Contr\AppData\Local\Packages\PythonSoftwareFoundation.Python.3.13_qbz5n2kfra8p0\LocalCache\local-packages\Python313\site-packages\rapidocr\models\PP-OCRv6_rec_small.onnx[0m
[32m[INFO] 2026-07-04 18:25:56,625 [RapidOCR] main.py:63: Using C:\Users\Contr\AppData\Local\Packages\PythonSoftwareFoundation.Python.3.13_qbz5n2kfra8p0\LocalCache\local-packages\Python313\site-packages\rapidocr\models\PP-OCRv6_rec_small.onnx[0m
[32m[INFO] 2026-07-04 18:25:57,235 [RapidOCR] base.py:23: Using engine_name: onnxruntime[0m
[32m[INFO] 2026-07-04 18:25:57,206 [RapidOCR] base.py:23: Using engine_name: onnxruntime[0m
[32m[INFO] 2026-07-04 18:25:57,307 [RapidOCR] download_file.py:60: File exists and is valid: C:\Users\Contr\AppData\Local\Packages\PythonSoftwareFoundation.Python.3.13_qbz5n2kfra8p0\LocalCache\local-packages\Python313\site-packages\rapidocr\models\ch_ppocr_mobile_v2.0_cls_mobile.onnx[0m
[32m[INFO] 2026-07-04 18:25:57,308 [RapidOCR] main.py:63: Using C:\Users\Contr\AppData\Local\Packages\PythonSoftwareFoundation.Python.3.13_qbz5n2kfra8p0\LocalCache\local-packages\Python313\site-packages\rapidocr\models\ch_ppocr_mobile_v2.0_cls_mobile.onnx[0m
[32m[INFO] 2026-07-04 18:25:57,401 [RapidOCR] download_file.py:60: File exists and is valid: C:\Users\Contr\AppData\Local\Packages\PythonSoftwareFoundation.Python.3.13_qbz5n2kfra8p0\LocalCache\local-packages\Python313\site-packages\rapidocr\models\PP-OCRv6_rec_small.onnx[0m
[32m[INFO] 2026-07-04 18:25:57,403 [RapidOCR] main.py:63: Using C:\Users\Contr\AppData\Local\Packages\PythonSoftwareFoundation.Python.3.13_qbz5n2kfra8p0\LocalCache\local-packages\Python313\site-packages\rapidocr\models\PP-OCRv6_rec_small.onnx[0m
[32m[INFO] 2026-07-04 18:25:57,851 [RapidOCR] base.py:23: Using engine_name: onnxruntime[0m
[32m[INFO] 2026-07-04 18:25:57,977 [RapidOCR] download_file.py:60: File exists and is valid: C:\Users\Contr\AppData\Local\Packages\PythonSoftwareFoundation.Python.3.13_qbz5n2kfra8p0\LocalCache\local-packages\Python313\site-packages\rapidocr\models\PP-OCRv6_rec_small.onnx[0m
[32m[INFO] 2026-07-04 18:25:57,989 [RapidOCR] main.py:63: Using C:\Users\Contr\AppData\Local\Packages\PythonSoftwareFoundation.Python.3.13_qbz5n2kfra8p0\LocalCache\local-packages\Python313\site-packages\rapidocr\models\PP-OCRv6_rec_small.onnx[0m
[32m[INFO] 2026-07-04 18:27:53,669 [RapidOCR] base.py:23: Using engine_name: onnxruntime[0m
[32m[INFO] 2026-07-04 18:27:54,631 [RapidOCR] download_file.py:60: File exists and is valid: C:\Users\Contr\AppData\Local\Packages\PythonSoftwareFoundation.Python.3.13_qbz5n2kfra8p0\LocalCache\local-packages\Python313\site-packages\rapidocr\models\PP-OCRv6_det_small.onnx[0m
[32m[INFO] 2026-07-04 18:27:54,644 [RapidOCR] main.py:63: Using C:\Users\Contr\AppData\Local\Packages\PythonSoftwareFoundation.Python.3.13_qbz5n2kfra8p0\LocalCache\local-packages\Python313\site-packages\rapidocr\models\PP-OCRv6_det_small.onnx[0m
[32m[INFO] 2026-07-04 18:27:55,154 [RapidOCR] base.py:23: Using engine_name: onnxruntime[0m
[32m[INFO] 2026-07-04 18:27:55,170 [RapidOCR] download_file.py:60: File exists and is valid: C:\Users\Contr\AppData\Local\Packages\PythonSoftwareFoundation.Python.3.13_qbz5n2kfra8p0\LocalCache\local-packages\Python313\site-packages\rapidocr\models\ch_ppocr_mobile_v2.0_cls_mobile.onnx[0m
[32m[INFO] 2026-07-04 18:27:55,172 [RapidOCR] main.py:63: Using C:\Users\Contr\AppData\Local\Packages\PythonSoftwareFoundation.Python.3.13_qbz5n2kfra8p0\LocalCache\local-packages\Python313\site-packages\rapidocr\models\ch_ppocr_mobile_v2.0_cls_mobile.onnx[0m
[32m[INFO] 2026-07-04 18:27:55,689 [RapidOCR] base.py:23: Using engine_name: onnxruntime[0m
[32m[INFO] 2026-07-04 18:27:55,848 [RapidOCR] download_file.py:60: File exists and is valid: C:\Users\Contr\AppData\Local\Packages\PythonSoftwareFoundation.Python.3.13_qbz5n2kfra8p0\LocalCache\local-packages\Python313\site-packages\rapidocr\models\PP-OCRv6_rec_small.onnx[0m
[32m[INFO] 2026-07-04 18:27:55,850 [RapidOCR] main.py:63: Using C:\Users\Contr\AppData\Local\Packages\PythonSoftwareFoundation.Python.3.13_qbz5n2kfra8p0\LocalCache\local-packages\Python313\site-packages\rapidocr\models\PP-OCRv6_rec_small.onnx[0m
  ...100/600 (6055ms/crop)
  ...200/600 (5395ms/crop)
  ...300/600 (4753ms/crop)
  ...400/600 (4488ms/crop)
  ...500/600 (4141ms/crop)
  ...600/600 (3885ms/crop)
