[32m[INFO] 2026-07-04 16:21:19,400 [RapidOCR] base.py:23: Using engine_name: onnxruntime[0m
[32m[INFO] 2026-07-04 16:21:22,290 [RapidOCR] download_file.py:60: File exists and is valid: C:\Users\Contr\AppData\Local\Packages\PythonSoftwareFoundation.Python.3.13_qbz5n2kfra8p0\LocalCache\local-packages\Python313\site-packages\rapidocr\models\PP-OCRv6_det_small.onnx[0m
[32m[INFO] 2026-07-04 16:21:22,334 [RapidOCR] main.py:63: Using C:\Users\Contr\AppData\Local\Packages\PythonSoftwareFoundation.Python.3.13_qbz5n2kfra8p0\LocalCache\local-packages\Python313\site-packages\rapidocr\models\PP-OCRv6_det_small.onnx[0m
[32m[INFO] 2026-07-04 16:21:23,718 [RapidOCR] base.py:23: Using engine_name: onnxruntime[0m
[32m[INFO] 2026-07-04 16:21:23,776 [RapidOCR] download_file.py:60: File exists and is valid: C:\Users\Contr\AppData\Local\Packages\PythonSoftwareFoundation.Python.3.13_qbz5n2kfra8p0\LocalCache\local-packages\Python313\site-packages\rapidocr\models\ch_ppocr_mobile_v2.0_cls_mobile.onnx[0m
[32m[INFO] 2026-07-04 16:21:23,778 [RapidOCR] main.py:63: Using C:\Users\Contr\AppData\Local\Packages\PythonSoftwareFoundation.Python.3.13_qbz5n2kfra8p0\LocalCache\local-packages\Python313\site-packages\rapidocr\models\ch_ppocr_mobile_v2.0_cls_mobile.onnx[0m
[32m[INFO] 2026-07-04 16:21:25,126 [RapidOCR] base.py:23: Using engine_name: onnxruntime[0m
[32m[INFO] 2026-07-04 16:21:25,489 [RapidOCR] download_file.py:60: File exists and is valid: C:\Users\Contr\AppData\Local\Packages\PythonSoftwareFoundation.Python.3.13_qbz5n2kfra8p0\LocalCache\local-packages\Python313\site-packages\rapidocr\models\PP-OCRv6_rec_small.onnx[0m
[32m[INFO] 2026-07-04 16:21:25,502 [RapidOCR] main.py:63: Using C:\Users\Contr\AppData\Local\Packages\PythonSoftwareFoundation.Python.3.13_qbz5n2kfra8p0\LocalCache\local-packages\Python313\site-packages\rapidocr\models\PP-OCRv6_rec_small.onnx[0m
[32m[INFO] 2026-07-04 16:22:11,327 [RapidOCR] base.py:23: Using engine_name: onnxruntime[0m
[32m[INFO] 2026-07-04 16:22:14,136 [RapidOCR] download_file.py:60: File exists and is valid: C:\Users\Contr\AppData\Local\Packages\PythonSoftwareFoundation.Python.3.13_qbz5n2kfra8p0\LocalCache\local-packages\Python313\site-packages\rapidocr\models\PP-OCRv6_det_small.onnx[0m
[32m[INFO] 2026-07-04 16:22:14,143 [RapidOCR] main.py:63: Using C:\Users\Contr\AppData\Local\Packages\PythonSoftwareFoundation.Python.3.13_qbz5n2kfra8p0\LocalCache\local-packages\Python313\site-packages\rapidocr\models\PP-OCRv6_det_small.onnx[0m
[32m[INFO] 2026-07-04 16:22:15,250 [RapidOCR] base.py:23: Using engine_name: onnxruntime[0m
[32m[INFO] 2026-07-04 16:22:15,265 [RapidOCR] download_file.py:60: File exists and is valid: C:\Users\Contr\AppData\Local\Packages\PythonSoftwareFoundation.Python.3.13_qbz5n2kfra8p0\LocalCache\local-packages\Python313\site-packages\rapidocr\models\ch_ppocr_mobile_v2.0_cls_mobile.onnx[0m
[32m[INFO] 2026-07-04 16:22:15,267 [RapidOCR] main.py:63: Using C:\Users\Contr\AppData\Local\Packages\PythonSoftwareFoundation.Python.3.13_qbz5n2kfra8p0\LocalCache\local-packages\Python313\site-packages\rapidocr\models\ch_ppocr_mobile_v2.0_cls_mobile.onnx[0m
[32m[INFO] 2026-07-04 16:22:16,198 [RapidOCR] base.py:23: Using engine_name: onnxruntime[0m
[32m[INFO] 2026-07-04 16:22:16,429 [RapidOCR] download_file.py:60: File exists and is valid: C:\Users\Contr\AppData\Local\Packages\PythonSoftwareFoundation.Python.3.13_qbz5n2kfra8p0\LocalCache\local-packages\Python313\site-packages\rapidocr\models\PP-OCRv6_rec_small.onnx[0m
[32m[INFO] 2026-07-04 16:22:16,466 [RapidOCR] main.py:63: Using C:\Users\Contr\AppData\Local\Packages\PythonSoftwareFoundation.Python.3.13_qbz5n2kfra8p0\LocalCache\local-packages\Python313\site-packages\rapidocr\models\PP-OCRv6_rec_small.onnx[0m
[32m[INFO] 2026-07-04 16:22:56,830 [RapidOCR] base.py:23: Using engine_name: onnxruntime[0m
[32m[INFO] 2026-07-04 16:22:59,579 [RapidOCR] download_file.py:60: File exists and is valid: C:\Users\Contr\AppData\Local\Packages\PythonSoftwareFoundation.Python.3.13_qbz5n2kfra8p0\LocalCache\local-packages\Python313\site-packages\rapidocr\models\PP-OCRv6_det_small.onnx[0m
[32m[INFO] 2026-07-04 16:22:59,626 [RapidOCR] main.py:63: Using C:\Users\Contr\AppData\Local\Packages\PythonSoftwareFoundation.Python.3.13_qbz5n2kfra8p0\LocalCache\local-packages\Python313\site-packages\rapidocr\models\PP-OCRv6_det_small.onnx[0m
[32m[INFO] 2026-07-04 16:23:00,817 [RapidOCR] base.py:23: Using engine_name: onnxruntime[0m
[32m[INFO] 2026-07-04 16:23:00,842 [RapidOCR] download_file.py:60: File exists and is valid: C:\Users\Contr\AppData\Local\Packages\PythonSoftwareFoundation.Python.3.13_qbz5n2kfra8p0\LocalCache\local-packages\Python313\site-packages\rapidocr\models\ch_ppocr_mobile_v2.0_cls_mobile.onnx[0m
[32m[INFO] 2026-07-04 16:23:00,844 [RapidOCR] main.py:63: Using C:\Users\Contr\AppData\Local\Packages\PythonSoftwareFoundation.Python.3.13_qbz5n2kfra8p0\LocalCache\local-packages\Python313\site-packages\rapidocr\models\ch_ppocr_mobile_v2.0_cls_mobile.onnx[0m
[32m[INFO] 2026-07-04 16:23:01,830 [RapidOCR] base.py:23: Using engine_name: onnxruntime[0m
[32m[INFO] 2026-07-04 16:23:02,062 [RapidOCR] download_file.py:60: File exists and is valid: C:\Users\Contr\AppData\Local\Packages\PythonSoftwareFoundation.Python.3.13_qbz5n2kfra8p0\LocalCache\local-packages\Python313\site-packages\rapidocr\models\PP-OCRv6_rec_small.onnx[0m
[32m[INFO] 2026-07-04 16:23:02,081 [RapidOCR] main.py:63: Using C:\Users\Contr\AppData\Local\Packages\PythonSoftwareFoundation.Python.3.13_qbz5n2kfra8p0\LocalCache\local-packages\Python313\site-packages\rapidocr\models\PP-OCRv6_rec_small.onnx[0m
[32m[INFO] 2026-07-04 16:26:21,733 [RapidOCR] base.py:23: Using engine_name: onnxruntime[0m
[32m[INFO] 2026-07-04 16:26:24,207 [RapidOCR] download_file.py:60: File exists and is valid: C:\Users\Contr\AppData\Local\Packages\PythonSoftwareFoundation.Python.3.13_qbz5n2kfra8p0\LocalCache\local-packages\Python313\site-packages\rapidocr\models\PP-OCRv6_det_small.onnx[0m
[32m[INFO] 2026-07-04 16:26:24,244 [RapidOCR] main.py:63: Using C:\Users\Contr\AppData\Local\Packages\PythonSoftwareFoundation.Python.3.13_qbz5n2kfra8p0\LocalCache\local-packages\Python313\site-packages\rapidocr\models\PP-OCRv6_det_small.onnx[0m
[32m[INFO] 2026-07-04 16:26:25,402 [RapidOCR] base.py:23: Using engine_name: onnxruntime[0m
[32m[INFO] 2026-07-04 16:26:25,432 [RapidOCR] download_file.py:60: File exists and is valid: C:\Users\Contr\AppData\Local\Packages\PythonSoftwareFoundation.Python.3.13_qbz5n2kfra8p0\LocalCache\local-packages\Python313\site-packages\rapidocr\models\ch_ppocr_mobile_v2.0_cls_mobile.onnx[0m
[32m[INFO] 2026-07-04 16:26:25,434 [RapidOCR] main.py:63: Using C:\Users\Contr\AppData\Local\Packages\PythonSoftwareFoundation.Python.3.13_qbz5n2kfra8p0\LocalCache\local-packages\Python313\site-packages\rapidocr\models\ch_ppocr_mobile_v2.0_cls_mobile.onnx[0m
[32m[INFO] 2026-07-04 16:26:26,762 [RapidOCR] base.py:23: Using engine_name: onnxruntime[0m
[32m[INFO] 2026-07-04 16:26:27,014 [RapidOCR] download_file.py:60: File exists and is valid: C:\Users\Contr\AppData\Local\Packages\PythonSoftwareFoundation.Python.3.13_qbz5n2kfra8p0\LocalCache\local-packages\Python313\site-packages\rapidocr\models\PP-OCRv6_rec_small.onnx[0m
[32m[INFO] 2026-07-04 16:26:27,029 [RapidOCR] main.py:63: Using C:\Users\Contr\AppData\Local\Packages\PythonSoftwareFoundation.Python.3.13_qbz5n2kfra8p0\LocalCache\local-packages\Python313\site-packages\rapidocr\models\PP-OCRv6_rec_small.onnx[0m
  ...100/600 (11549ms/crop)
  ...200/600 (11400ms/crop)
  ...300/600 (11673ms/crop)
  ...400/600 (11721ms/crop)
  ...500/600 (11996ms/crop)
  ...600/600 (11983ms/crop)
