[32m[INFO] 2026-07-04 16:23:12,700 [RapidOCR] base.py:23: Using engine_name: onnxruntime[0m
[32m[INFO] 2026-07-04 16:23:14,963 [RapidOCR] download_file.py:60: File exists and is valid: C:\Users\Contr\AppData\Local\Packages\PythonSoftwareFoundation.Python.3.13_qbz5n2kfra8p0\LocalCache\local-packages\Python313\site-packages\rapidocr\models\PP-OCRv6_det_small.onnx[0m
[32m[INFO] 2026-07-04 16:23:14,969 [RapidOCR] main.py:63: Using C:\Users\Contr\AppData\Local\Packages\PythonSoftwareFoundation.Python.3.13_qbz5n2kfra8p0\LocalCache\local-packages\Python313\site-packages\rapidocr\models\PP-OCRv6_det_small.onnx[0m
[32m[INFO] 2026-07-04 16:23:16,051 [RapidOCR] base.py:23: Using engine_name: onnxruntime[0m
[32m[INFO] 2026-07-04 16:23:16,081 [RapidOCR] download_file.py:60: File exists and is valid: C:\Users\Contr\AppData\Local\Packages\PythonSoftwareFoundation.Python.3.13_qbz5n2kfra8p0\LocalCache\local-packages\Python313\site-packages\rapidocr\models\ch_ppocr_mobile_v2.0_cls_mobile.onnx[0m
[32m[INFO] 2026-07-04 16:23:16,083 [RapidOCR] main.py:63: Using C:\Users\Contr\AppData\Local\Packages\PythonSoftwareFoundation.Python.3.13_qbz5n2kfra8p0\LocalCache\local-packages\Python313\site-packages\rapidocr\models\ch_ppocr_mobile_v2.0_cls_mobile.onnx[0m
[32m[INFO] 2026-07-04 16:23:17,314 [RapidOCR] base.py:23: Using engine_name: onnxruntime[0m
[32m[INFO] 2026-07-04 16:23:17,637 [RapidOCR] download_file.py:60: File exists and is valid: C:\Users\Contr\AppData\Local\Packages\PythonSoftwareFoundation.Python.3.13_qbz5n2kfra8p0\LocalCache\local-packages\Python313\site-packages\rapidocr\models\PP-OCRv6_rec_small.onnx[0m
[32m[INFO] 2026-07-04 16:23:17,689 [RapidOCR] main.py:63: Using C:\Users\Contr\AppData\Local\Packages\PythonSoftwareFoundation.Python.3.13_qbz5n2kfra8p0\LocalCache\local-packages\Python313\site-packages\rapidocr\models\PP-OCRv6_rec_small.onnx[0m
[32m[INFO] 2026-07-04 16:33:17,857 [RapidOCR] base.py:23: Using engine_name: onnxruntime[0m
[32m[INFO] 2026-07-04 16:33:20,558 [RapidOCR] download_file.py:60: File exists and is valid: C:\Users\Contr\AppData\Local\Packages\PythonSoftwareFoundation.Python.3.13_qbz5n2kfra8p0\LocalCache\local-packages\Python313\site-packages\rapidocr\models\PP-OCRv6_det_small.onnx[0m
[32m[INFO] 2026-07-04 16:33:20,583 [RapidOCR] main.py:63: Using C:\Users\Contr\AppData\Local\Packages\PythonSoftwareFoundation.Python.3.13_qbz5n2kfra8p0\LocalCache\local-packages\Python313\site-packages\rapidocr\models\PP-OCRv6_det_small.onnx[0m
[32m[INFO] 2026-07-04 16:33:21,667 [RapidOCR] base.py:23: Using engine_name: onnxruntime[0m
[32m[INFO] 2026-07-04 16:33:21,734 [RapidOCR] download_file.py:60: File exists and is valid: C:\Users\Contr\AppData\Local\Packages\PythonSoftwareFoundation.Python.3.13_qbz5n2kfra8p0\LocalCache\local-packages\Python313\site-packages\rapidocr\models\ch_ppocr_mobile_v2.0_cls_mobile.onnx[0m
[32m[INFO] 2026-07-04 16:33:21,736 [RapidOCR] main.py:63: Using C:\Users\Contr\AppData\Local\Packages\PythonSoftwareFoundation.Python.3.13_qbz5n2kfra8p0\LocalCache\local-packages\Python313\site-packages\rapidocr\models\ch_ppocr_mobile_v2.0_cls_mobile.onnx[0m
[32m[INFO] 2026-07-04 16:33:22,066 [RapidOCR] base.py:23: Using engine_name: onnxruntime[0m
[32m[INFO] 2026-07-04 16:33:22,708 [RapidOCR] base.py:23: Using engine_name: onnxruntime[0m
[32m[INFO] 2026-07-04 16:33:23,053 [RapidOCR] download_file.py:60: File exists and is valid: C:\Users\Contr\AppData\Local\Packages\PythonSoftwareFoundation.Python.3.13_qbz5n2kfra8p0\LocalCache\local-packages\Python313\site-packages\rapidocr\models\PP-OCRv6_rec_small.onnx[0m
[32m[INFO] 2026-07-04 16:33:23,055 [RapidOCR] main.py:63: Using C:\Users\Contr\AppData\Local\Packages\PythonSoftwareFoundation.Python.3.13_qbz5n2kfra8p0\LocalCache\local-packages\Python313\site-packages\rapidocr\models\PP-OCRv6_rec_small.onnx[0m
[32m[INFO] 2026-07-04 16:33:25,301 [RapidOCR] download_file.py:60: File exists and is valid: C:\Users\Contr\AppData\Local\Packages\PythonSoftwareFoundation.Python.3.13_qbz5n2kfra8p0\LocalCache\local-packages\Python313\site-packages\rapidocr\models\PP-OCRv6_det_small.onnx[0m
[32m[INFO] 2026-07-04 16:33:25,306 [RapidOCR] main.py:63: Using C:\Users\Contr\AppData\Local\Packages\PythonSoftwareFoundation.Python.3.13_qbz5n2kfra8p0\LocalCache\local-packages\Python313\site-packages\rapidocr\models\PP-OCRv6_det_small.onnx[0m
[32m[INFO] 2026-07-04 16:33:26,261 [RapidOCR] base.py:23: Using engine_name: onnxruntime[0m
[32m[INFO] 2026-07-04 16:33:26,325 [RapidOCR] download_file.py:60: File exists and is valid: C:\Users\Contr\AppData\Local\Packages\PythonSoftwareFoundation.Python.3.13_qbz5n2kfra8p0\LocalCache\local-packages\Python313\site-packages\rapidocr\models\ch_ppocr_mobile_v2.0_cls_mobile.onnx[0m
[32m[INFO] 2026-07-04 16:33:26,328 [RapidOCR] main.py:63: Using C:\Users\Contr\AppData\Local\Packages\PythonSoftwareFoundation.Python.3.13_qbz5n2kfra8p0\LocalCache\local-packages\Python313\site-packages\rapidocr\models\ch_ppocr_mobile_v2.0_cls_mobile.onnx[0m
[32m[INFO] 2026-07-04 16:33:27,535 [RapidOCR] base.py:23: Using engine_name: onnxruntime[0m
[32m[INFO] 2026-07-04 16:33:27,810 [RapidOCR] download_file.py:60: File exists and is valid: C:\Users\Contr\AppData\Local\Packages\PythonSoftwareFoundation.Python.3.13_qbz5n2kfra8p0\LocalCache\local-packages\Python313\site-packages\rapidocr\models\PP-OCRv6_rec_small.onnx[0m
[32m[INFO] 2026-07-04 16:33:27,856 [RapidOCR] main.py:63: Using C:\Users\Contr\AppData\Local\Packages\PythonSoftwareFoundation.Python.3.13_qbz5n2kfra8p0\LocalCache\local-packages\Python313\site-packages\rapidocr\models\PP-OCRv6_rec_small.onnx[0m
[32m[INFO] 2026-07-04 16:37:18,842 [RapidOCR] base.py:23: Using engine_name: onnxruntime[0m
[32m[INFO] 2026-07-04 16:37:21,489 [RapidOCR] download_file.py:60: File exists and is valid: C:\Users\Contr\AppData\Local\Packages\PythonSoftwareFoundation.Python.3.13_qbz5n2kfra8p0\LocalCache\local-packages\Python313\site-packages\rapidocr\models\PP-OCRv6_det_small.onnx[0m
[32m[INFO] 2026-07-04 16:37:21,512 [RapidOCR] main.py:63: Using C:\Users\Contr\AppData\Local\Packages\PythonSoftwareFoundation.Python.3.13_qbz5n2kfra8p0\LocalCache\local-packages\Python313\site-packages\rapidocr\models\PP-OCRv6_det_small.onnx[0m
[32m[INFO] 2026-07-04 16:37:22,691 [RapidOCR] base.py:23: Using engine_name: onnxruntime[0m
[32m[INFO] 2026-07-04 16:37:22,748 [RapidOCR] download_file.py:60: File exists and is valid: C:\Users\Contr\AppData\Local\Packages\PythonSoftwareFoundation.Python.3.13_qbz5n2kfra8p0\LocalCache\local-packages\Python313\site-packages\rapidocr\models\ch_ppocr_mobile_v2.0_cls_mobile.onnx[0m
[32m[INFO] 2026-07-04 16:37:22,750 [RapidOCR] main.py:63: Using C:\Users\Contr\AppData\Local\Packages\PythonSoftwareFoundation.Python.3.13_qbz5n2kfra8p0\LocalCache\local-packages\Python313\site-packages\rapidocr\models\ch_ppocr_mobile_v2.0_cls_mobile.onnx[0m
[32m[INFO] 2026-07-04 16:37:23,766 [RapidOCR] base.py:23: Using engine_name: onnxruntime[0m
[32m[INFO] 2026-07-04 16:37:24,009 [RapidOCR] download_file.py:60: File exists and is valid: C:\Users\Contr\AppData\Local\Packages\PythonSoftwareFoundation.Python.3.13_qbz5n2kfra8p0\LocalCache\local-packages\Python313\site-packages\rapidocr\models\PP-OCRv6_rec_small.onnx[0m
[32m[INFO] 2026-07-04 16:37:24,018 [RapidOCR] main.py:63: Using C:\Users\Contr\AppData\Local\Packages\PythonSoftwareFoundation.Python.3.13_qbz5n2kfra8p0\LocalCache\local-packages\Python313\site-packages\rapidocr\models\PP-OCRv6_rec_small.onnx[0m
  ...100/600 (12116ms/crop)
  ...200/600 (12330ms/crop)
  ...300/600 (12466ms/crop)
  ...400/600 (12633ms/crop)
  ...500/600 (12377ms/crop)
  ...600/600 (12012ms/crop)
